YearsExperience        159.4
Salary             2280090.0
dtype: float64