Test1    695.0
Test2    497.0
Test3    978.0
dtype: float64